============================= test session starts =============================
platform win32 -- Python 3.13.7, pytest-9.0.2, pluggy-1.6.0
rootdir: D:\ML-Pipeline
plugins: anyio-4.11.0, cov-7.0.0
collected 0 items / 1 error

=================================== ERRORS ====================================
_____________________ ERROR collecting tests/test_api.py ______________________
tests\test_api.py:19: in <module>
    client = TestClient(app)
             ^^^^^^^^^^^^^^^
C:\Users\range\AppData\Local\Programs\Python\Python313\Lib\site-packages\starlette\testclient.py:402: in __init__
    super().__init__(
E   TypeError: Client.__init__() got an unexpected keyword argument 'app'
============================== warnings summary ===============================
C:\Users\range\AppData\Local\Programs\Python\Python313\Lib\site-packages\starlette\formparsers.py:10
  C:\Users\range\AppData\Local\Programs\Python\Python313\Lib\site-packages\starlette\formparsers.py:10: PendingDeprecationWarning: Please use `import python_multipart` instead.
    import multipart

api\main.py:61
  D:\ML-Pipeline\api\main.py:61: PydanticDeprecatedSince20: Pydantic V1 style `@validator` validators are deprecated. You should migrate to Pydantic V2 style `@field_validator` validators, see the migration guide for more details. Deprecated in Pydantic V2.0 to be removed in V3.0. See Pydantic V2 Migration Guide at https://errors.pydantic.dev/2.12/migration/
    @validator('model_type')

api\main.py:429
  D:\ML-Pipeline\api\main.py:429: DeprecationWarning: 
          on_event is deprecated, use lifespan event handlers instead.
  
          Read more about it in the
          [FastAPI docs for Lifespan Events](https://fastapi.tiangolo.com/advanced/events/).
          
    @app.on_event("startup")

C:\Users\range\AppData\Local\Programs\Python\Python313\Lib\site-packages\fastapi\applications.py:4495
C:\Users\range\AppData\Local\Programs\Python\Python313\Lib\site-packages\fastapi\applications.py:4495
  C:\Users\range\AppData\Local\Programs\Python\Python313\Lib\site-packages\fastapi\applications.py:4495: DeprecationWarning: 
          on_event is deprecated, use lifespan event handlers instead.
  
          Read more about it in the
          [FastAPI docs for Lifespan Events](https://fastapi.tiangolo.com/advanced/events/).
          
    return self.router.on_event(event_type)

api\main.py:435
  D:\ML-Pipeline\api\main.py:435: DeprecationWarning: 
          on_event is deprecated, use lifespan event handlers instead.
  
          Read more about it in the
          [FastAPI docs for Lifespan Events](https://fastapi.tiangolo.com/advanced/events/).
          
    @app.on_event("shutdown")

-- Docs: https://docs.pytest.org/en/stable/how-to/capture-warnings.html
=========================== short test summary info ===========================
ERROR tests/test_api.py - TypeError: Client.__init__() got an unexpected keyw...
!!!!!!!!!!!!!!!!!!! Interrupted: 1 error during collection !!!!!!!!!!!!!!!!!!!!
======================== 6 warnings, 1 error in 2.61s =========================
